
[localize] PY=/workspace/venv/bin/python
[localize] ROOT_DIR=/workspace/latentmas-baseline/artifacts/aime_localize TAPE_DIR=/root/aime_localize_tapes PERSIST_DIR=none
[localize] deadline set: 25200s from now
[localize] channel: arms=none,shuf items=30 cap=16384 tag=b16k budget=25200s
[localize] --mode collect --task aime2024 --n 30 --indices 0,1,2,3,4,5,6,7,8,9,10,11,12,13,14,15,16,17,18,19,20,21,22,23,24,25,26,27,28,29 --judger_budget 16384 --decode_path sdpa+dynamic Tue Sep 29 23:20:42 UTC 2026
[localize] OK Tue Sep 29 23:22:18 UTC 2026
[localize] --mode views --task aime2024 --view_arms none,shuf --view_indices 0,1,2,3,4,5,6,7,8,9,10,11,12,13,14,15,16,17,18,19,20,21,22,23,24,25,26,27,28,29 --judger_budget 16384 --method_tag b16k --decode_bs 1 --arm_order item --time_budget_s 25104 --decode_path sdpa+dynamic Tue Sep 29 23:22:18 UTC 2026
[views] item-major: 30 items x 2 arms, 60 to run (0 already present)
[decode] idx=0 shuf__b16k acc=1 tok=2531 pos=692 62.9s pred='204'
    "shuf__b16k"
[decode] idx=1 shuf__b16k acc=1 tok=11353 pos=599 279.9s pred='113'
    "shuf__b16k"
[decode] idx=2 shuf__b16k acc=0 tok=11062 pos=614 272.0s pred='365'
    "shuf__b16k"
[decode] idx=3 shuf__b16k acc=0 tok=13981 pos=566 345.3s pred='64'
    "shuf__b16k"
[decode] idx=4 shuf__b16k acc=1 tok=10727 pos=827 264.9s pred='110'
    "shuf__b16k"
[decode] idx=5 shuf__b16k acc=0 tok=6338 pos=662 157.4s pred='589'
    "shuf__b16k"
[decode] idx=6 shuf__b16k acc=1 tok=7404 pos=521 181.4s pred='721'
    "shuf__b16k"
[decode] idx=7 shuf__b16k acc=1 tok=7016 pos=665 173.4s pred='25'
    "shuf__b16k"
[decode] idx=8 shuf__b16k acc=1 tok=5510 pos=743 138.7s pred='809'
    "shuf__b16k"
[decode] idx=9 shuf__b16k acc=1 tok=2838 pos=602 70.7s pred='116'
    "shuf__b16k"
[decode] idx=10 shuf__b16k acc=1 tok=5621 pos=533 140.3s pred='104'
    "shuf__b16k"
[decode] idx=11 shuf__b16k acc=1 tok=2805 pos=515 69.4s pred='294'
    "shuf__b16k"
[decode] idx=12 shuf__b16k acc=1 tok=3452 pos=653 84.8s pred='540'
    "shuf__b16k"
[decode] idx=13 shuf__b16k acc=0 tok=14916 pos=623 373.0s pred='8602'
    "shuf__b16k"
[decode] idx=14 shuf__b16k acc=1 tok=8063 pos=707 200.4s pred='480'
    "shuf__b16k"
[decode] idx=15 shuf__b16k acc=1 tok=4586 pos=530 113.9s pred='73'
    "shuf__b16k"
[decode] idx=16 shuf__b16k acc=1 tok=6457 pos=629 159.6s pred='468'
    "shuf__b16k"
[decode] idx=17 shuf__b16k acc=0 tok=16359 pos=962 405.2s pred='60901'
    "shuf__b16k"
[decode] idx=18 shuf__b16k acc=0 tok=16384 pos=551 409.3s pred='3'
    "shuf__b16k"
[decode] idx=19 shuf__b16k acc=1 tok=4783 pos=812 117.6s pred='321'
    "shuf__b16k"
[decode] idx=20 shuf__b16k acc=0 tok=16384 pos=908 401.4s pred='5'
    "shuf__b16k"
[decode] idx=21 shuf__b16k acc=0 tok=14736 pos=599 362.2s pred='36'
    "shuf__b16k"
[decode] idx=22 shuf__b16k acc=0 tok=16384 pos=788 402.4s pred='3'
    "shuf__b16k"
[decode] idx=23 shuf__b16k acc=1 tok=6922 pos=803 170.3s pred='45'
    "shuf__b16k"
[decode] idx=24 shuf__b16k acc=1 tok=4852 pos=557 119.3s pred='33'
    "shuf__b16k"
[decode] idx=25 shuf__b16k acc=1 tok=5355 pos=554 131.8s pred='80'
    "shuf__b16k"
[decode] idx=26 shuf__b16k acc=1 tok=2724 pos=584 66.9s pred='55'
    "shuf__b16k"
[decode] idx=27 shuf__b16k acc=1 tok=10896 pos=1550 269.1s pred='699'
    "shuf__b16k"
[decode] idx=28 shuf__b16k acc=0 tok=16384 pos=674 402.5s pred='2'
    "shuf__b16k"
[decode] idx=29 shuf__b16k acc=0 tok=5539 pos=770 136.1s pred='2'
    "shuf__b16k"
[localize] OK Wed Sep 30 03:16:44 UTC 2026
[localize] --mode report --decode_path sdpa+dynamic Wed Sep 30 03:16:44 UTC 2026
    "shuf__b16k"
[localize] OK Wed Sep 30 03:16:51 UTC 2026
baseline `real`: 22/30 correct, 108.3 MB KV passed to the Judger
arm      n   correct  delta      95% CI (pp)  McNemar   KV MB   KV %  cens
none    30   21/30       -1      [-9.9, 3.2]   1.0000     0.0     0%     8
shuf    30   19/30       -3     [-24.2, 4.2]   0.3750   108.3   100%     4
PRE-REGISTERED READING
     => The latent channel does not measurably change accuracy at this n. Read the CI for what size of effect is still possible; this is the result that most needs more items.
  2. real vs shuf: -3 items, CI [-24.2, 4.2] pp, p=0.3750
[localize] channel used 14169s of 25200s
[localize] DONE channel Wed Sep 30 03:16:51 UTC 2026
| shuf__b16k | 0.633 | 216.1 | 0.94 | 217.0 | +60.6s (+38.7%) | 8745 | 87% | 30/30 |
| shuf__b16k | 30 | 1 | 6482 | 40.5 |
| shuf__b16k | 30 | 0.633 | [0, 1, 4, 6, 7, 8, 9, 10, 11, 12, 14, 15, 16, 19, 23, 24, 25, 26, 27] | [4, 10] | [18] | [1, 4, 6, 7, 8, 9, 10, 11, 12, 14, 15, 16, 19, 23, 24, 25, 26, 27] |
